W0613 18:25:47.927762 1577222 gpu_resources.cc:119] Please NOTE: device: 0, GPU Compute Capability: 90.0, Driver API Version: 50400.0, Runtime API Version: 50400.0
Sycl_Compiler
I0613 18:25:53.467862 1577272 compiler_sycl.cc:78] compile command: /opt/DPC++/bin/clang++ -I /workspace/Paddle/build/python/paddle/libs -fsycl -fsycl-targets=amdgcn-amd-amdhsa -Xsycl-target-backend --offload-arch=gfx906 -std=c++17 -O3 -fPIC -shared -ldl -fbracket-depth=1030 ./source/sycl_0.cc -o ./source/sycl_0.so
I0613 18:26:00.782322 1577222 sycl_module.cc:36] destructor for SYCLModule
.Sycl_Compiler
I0613 18:26:00.792574 1577323 compiler_sycl.cc:78] compile command: /opt/DPC++/bin/clang++ -I /workspace/Paddle/build/python/paddle/libs -fsycl -fsycl-targets=amdgcn-amd-amdhsa -Xsycl-target-backend --offload-arch=gfx906 -std=c++17 -O3 -fPIC -shared -ldl -fbracket-depth=1030 ./source/sycl_1.cc -o ./source/sycl_1.so
I0613 18:26:08.228588 1577222 sycl_module.cc:36] destructor for SYCLModule
.Sycl_Compiler
I0613 18:26:08.239018 1577373 compiler_sycl.cc:78] compile command: /opt/DPC++/bin/clang++ -I /workspace/Paddle/build/python/paddle/libs -fsycl -fsycl-targets=amdgcn-amd-amdhsa -Xsycl-target-backend --offload-arch=gfx906 -std=c++17 -O3 -fPIC -shared -ldl -fbracket-depth=1030 ./source/sycl_2.cc -o ./source/sycl_2.so
I0613 18:26:15.660902 1577222 sycl_module.cc:36] destructor for SYCLModule
.Sycl_Compiler
I0613 18:26:15.668764 1577423 compiler_sycl.cc:78] compile command: /opt/DPC++/bin/clang++ -I /workspace/Paddle/build/python/paddle/libs -fsycl -fsycl-targets=amdgcn-amd-amdhsa -Xsycl-target-backend --offload-arch=gfx906 -std=c++17 -O3 -fPIC -shared -ldl -fbracket-depth=1030 ./source/sycl_3.cc -o ./source/sycl_3.so
I0613 18:26:23.092006 1577222 sycl_module.cc:36] destructor for SYCLModule
.Sycl_Compiler
I0613 18:26:23.101830 1577473 compiler_sycl.cc:78] compile command: /opt/DPC++/bin/clang++ -I /workspace/Paddle/build/python/paddle/libs -fsycl -fsycl-targets=amdgcn-amd-amdhsa -Xsycl-target-backend --offload-arch=gfx906 -std=c++17 -O3 -fPIC -shared -ldl -fbracket-depth=1030 ./source/sycl_4.cc -o ./source/sycl_4.so
I0613 18:26:30.522361 1577222 sycl_module.cc:36] destructor for SYCLModule
.Sycl_Compiler
I0613 18:26:30.532961 1577523 compiler_sycl.cc:78] compile command: /opt/DPC++/bin/clang++ -I /workspace/Paddle/build/python/paddle/libs -fsycl -fsycl-targets=amdgcn-amd-amdhsa -Xsycl-target-backend --offload-arch=gfx906 -std=c++17 -O3 -fPIC -shared -ldl -fbracket-depth=1030 ./source/sycl_5.cc -o ./source/sycl_5.so
I0613 18:26:38.626257 1577222 sycl_module.cc:36] destructor for SYCLModule

----------------------------------------------------------------------
Ran 5 tests in 42.601s

OK
.Sycl_Compiler
I0613 18:26:38.636124 1577573 compiler_sycl.cc:78] compile command: /opt/DPC++/bin/clang++ -I /workspace/Paddle/build/python/paddle/libs -fsycl -fsycl-targets=amdgcn-amd-amdhsa -Xsycl-target-backend --offload-arch=gfx906 -std=c++17 -O3 -fPIC -shared -ldl -fbracket-depth=1030 ./source/sycl_6.cc -o ./source/sycl_6.so
I0613 18:26:46.061816 1577222 sycl_module.cc:36] destructor for SYCLModule
.Sycl_Compiler
I0613 18:26:46.071712 1577623 compiler_sycl.cc:78] compile command: /opt/DPC++/bin/clang++ -I /workspace/Paddle/build/python/paddle/libs -fsycl -fsycl-targets=amdgcn-amd-amdhsa -Xsycl-target-backend --offload-arch=gfx906 -std=c++17 -O3 -fPIC -shared -ldl -fbracket-depth=1030 ./source/sycl_7.cc -o ./source/sycl_7.so
I0613 18:26:53.515869 1577222 sycl_module.cc:36] destructor for SYCLModule
.Sycl_Compiler
I0613 18:26:53.527611 1577673 compiler_sycl.cc:78] compile command: /opt/DPC++/bin/clang++ -I /workspace/Paddle/build/python/paddle/libs -fsycl -fsycl-targets=amdgcn-amd-amdhsa -Xsycl-target-backend --offload-arch=gfx906 -std=c++17 -O3 -fPIC -shared -ldl -fbracket-depth=1030 ./source/sycl_8.cc -o ./source/sycl_8.so
I0613 18:27:00.948670 1577222 sycl_module.cc:36] destructor for SYCLModule

----------------------------------------------------------------------
Ran 3 tests in 22.991s

OK
.
----------------------------------------------------------------------
Ran 1 test in 7.432s

OK
