W0613 19:37:49.912285 1606479 gpu_resources.cc:119] Please NOTE: device: 0, GPU Compute Capability: 90.0, Driver API Version: 50400.0, Runtime API Version: 50400.0
Sycl_Compiler
I0613 19:37:50.016297 1606529 compiler_sycl.cc:78] compile command: /opt/DPC++/bin/clang++ -I /workspace/Paddle/build/python/paddle/libs -fsycl -fsycl-targets=amdgcn-amd-amdhsa -Xsycl-target-backend --offload-arch=gfx906 -std=c++17 -O3 -fPIC -shared -ldl -fbracket-depth=1030 ./source/sycl_0.cc -o ./source/sycl_0.so
I0613 19:37:57.480157 1606479 sycl_module.cc:36] destructor for SYCLModule
.Sycl_Compiler
I0613 19:37:57.491279 1606580 compiler_sycl.cc:78] compile command: /opt/DPC++/bin/clang++ -I /workspace/Paddle/build/python/paddle/libs -fsycl -fsycl-targets=amdgcn-amd-amdhsa -Xsycl-target-backend --offload-arch=gfx906 -std=c++17 -O3 -fPIC -shared -ldl -fbracket-depth=1030 ./source/sycl_1.cc -o ./source/sycl_1.so
I0613 19:38:04.960073 1606479 sycl_module.cc:36] destructor for SYCLModule
.Sycl_Compiler
I0613 19:38:04.979235 1606630 compiler_sycl.cc:78] compile command: /opt/DPC++/bin/clang++ -I /workspace/Paddle/build/python/paddle/libs -fsycl -fsycl-targets=amdgcn-amd-amdhsa -Xsycl-target-backend --offload-arch=gfx906 -std=c++17 -O3 -fPIC -shared -ldl -fbracket-depth=1030 ./source/sycl_2.cc -o ./source/sycl_2.so
I0613 19:38:12.435171 1606479 sycl_module.cc:36] destructor for SYCLModule
.Sycl_Compiler
I0613 19:38:12.471143 1606680 compiler_sycl.cc:78] compile command: /opt/DPC++/bin/clang++ -I /workspace/Paddle/build/python/paddle/libs -fsycl -fsycl-targets=amdgcn-amd-amdhsa -Xsycl-target-backend --offload-arch=gfx906 -std=c++17 -O3 -fPIC -shared -ldl -fbracket-depth=1030 ./source/sycl_3.cc -o ./source/sycl_3.so
I0613 19:38:19.820879 1606479 sycl_module.cc:36] destructor for SYCLModule
.Sycl_Compiler
I0613 19:38:19.850335 1606730 compiler_sycl.cc:78] compile command: /opt/DPC++/bin/clang++ -I /workspace/Paddle/build/python/paddle/libs -fsycl -fsycl-targets=amdgcn-amd-amdhsa -Xsycl-target-backend --offload-arch=gfx906 -std=c++17 -O3 -fPIC -shared -ldl -fbracket-depth=1030 ./source/sycl_4.cc -o ./source/sycl_4.so
I0613 19:38:27.888499 1606479 sycl_module.cc:36] destructor for SYCLModule
.Sycl_Compiler
I0613 19:38:27.907500 1606780 compiler_sycl.cc:78] compile command: /opt/DPC++/bin/clang++ -I /workspace/Paddle/build/python/paddle/libs -fsycl -fsycl-targets=amdgcn-amd-amdhsa -Xsycl-target-backend --offload-arch=gfx906 -std=c++17 -O3 -fPIC -shared -ldl -fbracket-depth=1030 ./source/sycl_5.cc -o ./source/sycl_5.so
I0613 19:38:35.275058 1606479 sycl_module.cc:36] destructor for SYCLModule
.Sycl_Compiler
I0613 19:38:35.325553 1606830 compiler_sycl.cc:78] compile command: /opt/DPC++/bin/clang++ -I /workspace/Paddle/build/python/paddle/libs -fsycl -fsycl-targets=amdgcn-amd-amdhsa -Xsycl-target-backend --offload-arch=gfx906 -std=c++17 -O3 -fPIC -shared -ldl -fbracket-depth=1030 ./source/sycl_6.cc -o ./source/sycl_6.so
I0613 19:38:42.730021 1606479 sycl_module.cc:36] destructor for SYCLModule
.Sycl_Compiler
I0613 19:38:42.810807 1606880 compiler_sycl.cc:78] compile command: /opt/DPC++/bin/clang++ -I /workspace/Paddle/build/python/paddle/libs -fsycl -fsycl-targets=amdgcn-amd-amdhsa -Xsycl-target-backend --offload-arch=gfx906 -std=c++17 -O3 -fPIC -shared -ldl -fbracket-depth=1030 ./source/sycl_7.cc -o ./source/sycl_7.so
I0613 19:38:50.145092 1606479 sycl_module.cc:36] destructor for SYCLModule
.Sycl_Compiler
I0613 19:38:50.217240 1606930 compiler_sycl.cc:78] compile command: /opt/DPC++/bin/clang++ -I /workspace/Paddle/build/python/paddle/libs -fsycl -fsycl-targets=amdgcn-amd-amdhsa -Xsycl-target-backend --offload-arch=gfx906 -std=c++17 -O3 -fPIC -shared -ldl -fbracket-depth=1030 ./source/sycl_8.cc -o ./source/sycl_8.so
I0613 19:38:57.616677 1606479 sycl_module.cc:36] destructor for SYCLModule
.Sycl_Compiler
I0613 19:38:57.631974 1606980 compiler_sycl.cc:78] compile command: /opt/DPC++/bin/clang++ -I /workspace/Paddle/build/python/paddle/libs -fsycl -fsycl-targets=amdgcn-amd-amdhsa -Xsycl-target-backend --offload-arch=gfx906 -std=c++17 -O3 -fPIC -shared -ldl -fbracket-depth=1030 ./source/sycl_9.cc -o ./source/sycl_9.so
I0613 19:39:05.057359 1606479 sycl_module.cc:36] destructor for SYCLModule
.Sycl_Compiler
I0613 19:39:05.063504 1607030 compiler_sycl.cc:78] compile command: /opt/DPC++/bin/clang++ -I /workspace/Paddle/build/python/paddle/libs -fsycl -fsycl-targets=amdgcn-amd-amdhsa -Xsycl-target-backend --offload-arch=gfx906 -std=c++17 -O3 -fPIC -shared -ldl -fbracket-depth=1030 ./source/sycl_10.cc -o ./source/sycl_10.so
I0613 19:39:12.541366 1606479 sycl_module.cc:36] destructor for SYCLModule
.F0613 19:39:12.551836 1607080 compute.cc:260] Check failed: proto No extern function prototype cinn_sycl_index_add_fp16 found
existing records are:
cinn_host_popc_int32
cinn_hip_tanh_fp64
cinn_sycl_gt_num_int64
cinn_block_reduce_min_fp32_internal
atanhf
cinn_hip_find_float_from
cinn_hip_log2_fp64
cinn_hip_logical_right_shift_int16
cinn_mkl_ceil_v_fp64
cinn_hip_asinh_fp32
cinn_hip_clz_int32
cinn_host_resize_bicubic
cinn_block_reduce_min_fp64
cinn_warp_reduce_prod_int64
cinn_sycl_acos_fp32
cinn_sycl_clz_int32
exp
cinn_sycl_tanh_fp64
cinn_block_reduce_sum_int32_internal
cinn_block_reduce_min_fp32
tanh_v
cinn_sycl_trunc_int64
cinn_block_reduce_sum_fp64_internal_shm
cinn_host_cbrt_fp32
block_shuffle_any
cinn_hip_ceil_fp32
cinn_sycl_gt_num_int32
cinn_hip_cbrt_fp64
cinn_hip_find_int_from
cinn_block_reduce_all_internal_shm
cinn_block_reduce_prod_int64_internal_shm
block_shuffle_min_fp64
cinn_hip_index_add_int8
cinn_sycl_bitwise_or_int8
cinn_sycl_gt_num_fp32
cinn_hip_asinh_fp64
cinn_sycl_erf_fp64
cinn_hip_acos_fp64
cinn_hip_gt_num_uint8
cinn_hip_bitwise_or_int64
cinn_hip_find_int
cinn_sycl_bitwise_xor_uint8
cinn_sycl_log2_fp32
cinn_host_lt_num_int64
sigmoid
cinn_sycl_sinh_fp64
cinn_sycl_find_float
cinn_sycl_acos_fp64
cinn_sycl_gt_num_int16
cinn_warp_reduce_avg_fp32
cinn_host_gt_num_fp32
cinn_hip_bitwise_or_uint8
cinn_sycl_bitwise_or_int16
cinn_hip_rsqrt_fp32
cinn_hip_asin_fp32
cinn_hip_bitwise_and_int32
cinn_hip_cosh_fp32
isfinite
cinn_mkl_round_v_fp32
cinn_sycl_bitwise_not_int8
cinn_hip_sin_fp32
cinn_hip_isfinite_fp32
cinn_host_lt_num_fp32
cinn_mkl_floor_v_fp32
sin
cinn_sycl_cbrt_fp32
cinn_sycl_trunc_fp64
cinn_mkl_erf_v_fp64
cinn_host_lt_num_fp64
cinn_host_pow_int64
cinn_sycl_cos_fp64
cinn_sycl_bitwise_and_bool
cinn_sycl_pow_fp32
cinn_warp_reduce_max_fp64
tan
cinn_block_reduce_sum_fp32_internal_shm
cinn_block_reduce_prod_fp64
cinn_hip_bitwise_xor_bool
cinn_warp_reduce_any
cinn_hip_bitwise_not_int8
cinn_hip_logical_right_shift_int8
cinn_hip_atan_fp32
cinn_hip_pow_int32
cinn_hip_bitwise_or_int32
cinn_hip_gt_num_int64
block_shuffle_sum_fp64
cinn_sycl_tan_fp64
cinn_hip_right_shift_int32
cinn_cpu_mkl_gemm_fp32
cinn_sycl_trunc_fp32
cinn_host_find_int
trunc
cinn_sycl_cosh_fp32
cinn_warp_reduce_sum_fp32
cinn_sycl_bitwise_or_uint8
cinn_hip_find_float
cinn_hip_resize_bilinear
cinn_hip_atan_fp64
cinn_hip_sqrt_fp32
cinn_hip_round_fp32
ceil
acoshf
cinn_sycl_bitwise_not_int16
cinn_sycl_exp_fp32
cinn_host_gt_num_int32
cinn_block_reduce_prod_fp32_internal_shm
cinn_block_reduce_any_internal_shm
cinn_hip_find_int_nd
cinn_cpu_mkl_gemm_batch_fp32
block_shuffle_prod_int64
cinn_hip_bitwise_or_bool
cinn_host_pow_fp64
cinn_sycl_index_add_fp64
cinn_hip_atanh_fp32
cinn_hip_log2_fp32
cinn_hip_next_smallest_int32
cinn_hip_lt_num_fp64
cinn_sycl_next_smallest_int32
asinf
cinn_sycl_exp_fp64
cinn_call_sycl_kernel
cinn_sycl_bitwise_not_uint8
cinn_sycl_bitwise_not_int64
cinn_sycl_asin_fp64
cinn_sycl_bitwise_not_bool
cinn_sycl_atan_fp64
cinn_sycl_clz_int64
cinn_sycl_index_add_int32
cinn_warp_reduce_max_fp32
cinn_warp_reduce_min_fp64
cinn_warp_reduce_all
cinn_block_reduce_sum_int32
powf
cinn_hip_isinf_fp64
cinn_hip_acosh_fp64
cinn_sycl_bitwise_xor_int64
cinn_hip_lt_num_int32
round
cinn_sycl_lt_num_int16
cinn_hip_gt_num_fp32
cinn_sycl_asinh_fp32
atanf
cinn_sycl_resize_bicubic
cos
cinn_sycl_rsqrt_fp32
cinn_block_reduce_sum_int64_internal
cinn_sycl_logical_right_shift_int8
cinn_mkl_tanh_v_fp64
block_shuffle_prod_fp64
cinn_sycl_ceil_fp32
cinn_sycl_sin_fp64
cinn_warp_reduce_prod_fp64
cinn_hip_erf_fp32
cinn_hip_log_fp64
cinn_hip_round_fp64
tanh
cinn_sycl_bitwise_or_int64
cinn_hip_mod_fp64
cinn_hip_bitwise_not_int32
cinn_sycl_log_fp64
cinn_sycl_isfinite_fp64
cinn_hip_bitwise_and_int8
cinn_hip_bitwise_or_int8
cinn_hip_popc_int32
cinn_block_reduce_max_int64_internal_shm
cinn_sycl_sigmoid_fp64
cinn_sycl_sqrt_fp64
cinn_sycl_bitwise_and_int64
cinn_host_logical_right_shift_int32
cinn_sycl_acosh_fp32
cinn_hip_tan_fp64
isinf
cinn_host_logical_right_shift_int64
cinn_sycl_round_fp64
cinn_host_find_float_nd
block_shuffle_prod_int32
cinn_sycl_bitwise_and_int8
cinn_block_reduce_prod_int32
block_shuffle_min_int64
cinn_mkl_exp_v_fp64
block_shuffle_min_fp32
cinn_hip_logical_right_shift_uint8
cinn_hip_bitwise_xor_int8
cinn_hip_clz_int64
cinn_hip_mod_int32
right_shift
bitwise_or
cinn_hip_isnan_fp32
cinn_sycl_bitwise_xor_bool
cinn_sycl_bitwise_or_int32
cinn_block_reduce_prod_int32_internal_shm
block_shuffle_sum_fp32
acosf
cinn_warp_reduce_max_int32
cinn_call_hip_kernel
cinn_hip_bitwise_not_uint8
cinn_sycl_isinf_fp32
cinn_hip_cbrt_fp32
cinn_sycl_mod_int64
cinn_sycl_logical_right_shift_int64
bitwise_xor
cinn_sycl_ceil_fp64
cinn_sycl_bitwise_xor_int16
cinn_host_lt_num_int32
atanh
cinn_sycl_index_add_fp32
cinn_warp_reduce_prod_int32
cinn_host_pow_int32
cinn_sycl_index_add_bool
cinn_hip_floor_fp32
cinn_block_reduce_prod_int64
cinn_hip_erf_fp64
cinn_hip_isnan_fp64
cinn_block_reduce_prod_int32_internal
cinn_sycl_tan_fp32
cinn_block_reduce_prod_fp64_internal
cinn_sycl_cos_fp32
cinn_sycl_left_shift_int32
sinh
cinn_sycl_sigmoid_fp32
cinn_warp_reduce_min_int64
acos
cinn_sycl_log10_fp64
cinn_block_reduce_min_int32_internal_shm
cinn_hip_left_shift_int32
atan
cinn_sycl_atan_fp32
cinn_sycl_atanh_fp64
block_shuffle_min_int32
cinn_hip_sinh_fp64
cinn_hip_mod_int64
cinn_hip_lt_num_fp32
cinn_hip_gt_num_int32
cinn_sycl_asin_fp32
cinn_sycl_abs_fp64
cinn_hip_bitwise_xor_uint8
cinn_sycl_isfinite_fp32
cinn_hip_lt_num_int64
cinn_hip_cos_fp64
cinn_block_reduce_sum_fp32
cinn_warp_reduce_prod_fp32
cinn_sycl_lt_num_int64
cinn_hip_bitwise_xor_int32
cinn_block_reduce_sum_int32_internal_shm
cinn_hip_cos_fp32
erff
cinn_hip_abs_fp64
cinn_warp_reduce_min_fp32
cinn_hip_bitwise_xor_int64
cinn_block_reduce_any
cinn_sycl_resize_bilinear
cinn_mkl_floor_v_fp64
cinn_sycl_log2_fp64
cinn_host_next_smallest_int32
cinn_call_cholesky_host
sqrt
cinn_assert_true_host
cinn_sycl_atanh_fp32
cinn_sycl_popc_int32
cinn_block_reduce_sum_int64_internal_shm
cinn_block_reduce_min_fp32_internal_shm
block_shuffle_max_fp64
cinn_hip_sinh_fp32
cinn_hip_mod_fp32
cinn_sycl_acosh_fp64
cinn_warp_reduce_max_int64
cinn_sycl_sqrt_fp32
cinn_sycl_logical_right_shift_int32
cinn_sycl_lt_num_fp64
cinn_sycl_find_int_from
cinn_hip_bitwise_and_bool
cinn_hip_bitwise_not_int16
cinn_sycl_find_float_from
cinn_host_gt_num_int64
cinn_hip_bitwise_or_int16
cinn_hip_bitwise_xor_int16
block_shuffle_prod_fp32
cinn_block_reduce_min_int64_internal
log10
cinn_host_clz_int64
cinn_sycl_mod_fp32
cinn_hip_atanh_fp64
cinn_hip_logical_right_shift_int32
cinn_sycl_isinf_fp64
cinn_sycl_log_fp32
cinn_sycl_pow_fp64
cinn_block_reduce_prod_int64_internal
cinn_hip_asin_fp64
cinn_mkl_log_v_fp64
cinn_hip_gt_num_fp64
cinn_hip_log10_fp32
fabs
cinn_host_popc_int64
cinn_block_reduce_max_fp32_internal
cinn_sycl_lt_num_uint8
cinn_block_reduce_max_fp64
cinn_hip_bitwise_not_bool
cinn_block_reduce_sum_int64
cinn_block_reduce_max_int32_internal_shm
cinn_sycl_trunc_int32
cinn_sycl_find_int_nd
cinn_block_reduce_sum_fp64_internal
cinn_warp_reduce_sum_int32
cinn_block_reduce_min_int64_internal_shm
acosh
cinn_block_reduce_all
cinn_call_hip_memset
cinn_block_reduce_min_fp64_internal
cinn_sycl_mod_fp64
cinn_call_hip_memcpy
cinn_hip_tan_fp32
cinn_hip_acos_fp32
cinn_hip_find_float_nd
cinn_block_reduce_max_int64_internal
cinn_sycl_abs_fp32
block_shuffle_all
cinn_hip_gt_num_int16
cinn_sycl_isnan_fp32
cinn_hip_resize_bicubic
cinn_hip_index_add_fp64
cinn_hip_lt_num_int16
cinn_hip_isfinite_fp64
cinn_block_reduce_max_int32_internal
isnan
cinn_block_reduce_prod_fp64_internal_shm
cinn_hip_sin_fp64
log2
cinn_sycl_bitwise_and_int32
cinn_warp_reduce_min_int32
cinn_host_resize_bilinear
cinn_hip_sigmoid_fp32
cinn_block_reduce_min_int32
log
cinn_hip_bitwise_not_int64
cinn_block_reduce_prod_fp32_internal
erf
cinn_host_pow_fp32
asinhf
cinn_block_reduce_min_int64
cinn_mkl_ceil_v_fp32
cinn_sycl_log10_fp32
cinn_mkl_log_v_fp32
cinn_sycl_gt_num_uint8
cinn_host_gt_num_fp64
cinn_host_find_float
cinn_sycl_bitwise_xor_int8
block_shuffle_max_int64
cinn_block_reduce_min_fp64_internal_shm
cinn_hip_sqrt_fp64
cinn_block_reduce_prod_fp32
left_shift
cinn_sycl_floor_fp64
bitwise_and
cinn_sycl_mod_int32
cinn_sycl_index_add_int64
cinn_block_reduce_sum_fp32_internal
cinn_cpu_onednn_softmax_fp32
block_shuffle_max_int32
cinn_sycl_logical_right_shift_int16
cinn_warp_reduce_sum_int64
cinn_block_reduce_sum_fp64
cinn_hip_trunc_fp32
cinn_cpu_onednn_conv2d_nchw_fp32
cinn_hip_rsqrt_fp64
cinn_sycl_bitwise_and_uint8
cinn_sycl_lt_num_fp32
cinn_hip_pow_fp32
cinn_hip_cosh_fp64
block_shuffle_sum_int32
cinn_host_clz_int32
cinn_hip_sigmoid_fp64
cinn_sycl_find_float_nd
cinn_hip_popc_int64
cinn_mkl_exp_v_fp32
cinn_sycl_pow_int32
asinh
cinn_sycl_bitwise_or_bool
cinn_block_reduce_min_int32_internal
cinn_host_cbrt_fp64
cinn_sycl_find_int
block_shuffle_sum_int64
cinn_hip_bitwise_and_uint8
cinn_hip_bitwise_and_int64
cinn_sycl_sin_fp32
cinn_block_reduce_any_internal
cinn_hip_floor_fp64
cinn_hip_logical_right_shift_int64
cinn_hip_exp_fp64
cinn_hip_index_add_bool
cinn_sycl_sinh_fp32
cinn_sycl_erf_fp32
cinn_sycl_cbrt_fp64
cinn_hip_tanh_fp32
cinn_hip_pow_fp64
cinn_host_find_int_nd
cinn_sycl_lt_num_int32
cinn_hip_log10_fp64
cinn_sycl_index_add_int8
cinn_sycl_popc_int64
cinn_hip_pow_int64
cinn_hip_exp_fp32
cinn_block_reduce_max_fp64_internal_shm
cinn_mkl_sqrt_v_fp32
cinn_block_reduce_max_int64
cosh
floor
cinn_mkl_erf_v_fp32
cinn_hip_ceil_fp64
cinn_sycl_tanh_fp32
block_shuffle_max_fp32
cinn_sycl_rsqrt_fp64
cinn_sycl_isnan_fp64
cinn_sycl_pow_int64
cinn_block_reduce_max_int32
cinn_hip_trunc_fp64
cinn_sycl_bitwise_not_int32
cinn_sycl_asinh_fp64
cinn_hip_trunc_int32
cinn_hip_bitwise_and_int16
cinn_sycl_bitwise_and_int16
cinn_mkl_tanh_v_fp32
cinn_sycl_logical_right_shift_uint8
bitwise_not
cinn_sycl_floor_fp32
cinn_warp_reduce_sum_fp64
cinn_block_reduce_max_fp64_internal
cinn_sycl_gt_num_fp64
cinn_block_reduce_max_fp32
cinn_hip_abs_fp32
cinn_mkl_round_v_fp64
cinn_sycl_bitwise_xor_int32
cinn_hip_acosh_fp32
cinn_hip_isinf_fp32
cinn_hip_trunc_int64
cinn_hip_lt_num_uint8
cinn_hip_index_add_int64
cinn_sycl_round_fp32
cinn_block_reduce_max_fp32_internal_shm
cinn_hip_index_add_fp32
cinn_sycl_right_shift_int32
cinn_block_reduce_all_internal
cinn_hip_log_fp32
cinn_hip_index_add_int32
cinn_sycl_cosh_fp64
asin
cinn_mkl_sqrt_v_fp64
*** Check failure stack trace: ***
    @     0x7f59198c25cd  google::LogMessage::Fail()
    @     0x7f59198c487d  google::LogMessage::SendToLog()
    @     0x7f59198c20bd  google::LogMessage::Flush()
    @     0x7f59198c5379  google::LogMessageFatal::~LogMessageFatal()
    @     0x7f5903484a2b  cinn::lang::CallExtern()
    @     0x7f59036aa8b0  _ZNSt17_Function_handlerIFN4cinn2ir4ExprERKSt6vectorIS2_SaIS2_EEEZNS0_4hlir2pe10ScatterAddERKNS1_6TensorESD_SD_RKNS0_6common6TargetEiRKNSt7__cxx1112basic_stringIcSt11char_traitsIcESaIcEEEEUlS7_E0_E9_M_invokeERKSt9_Any_dataS7_
    @     0x7f59034828f9  cinn::lang::Compute()
    @     0x7f59036ac66c  cinn::hlir::pe::ScatterAdd()
    @     0x7f590376236d  _ZZN4cinn4hlir2op21StrategyForScatterAddERKNS0_9framework8NodeAttrERKSt6vectorINS_2ir6TensorESaIS8_EERKS6_INS_6common4TypeESaISE_EERKS6_IS6_IiSaIiEESaISK_EERKNSD_6TargetEENKUlNS_4lang4ArgsEPNSD_9CINNValueEE_clEST_SV_
    @     0x7f59037629d4  _ZNSt17_Function_handlerIFvN4cinn4lang4ArgsEPNS0_6common9CINNValueEEZNS0_4hlir2op21StrategyForScatterAddERKNS7_9framework8NodeAttrERKSt6vectorINS0_2ir6TensorESaISF_EERKSD_INS3_4TypeESaISK_EERKSD_ISD_IiSaIiEESaISQ_EERKNS3_6TargetEEUlS2_S5_E_E9_M_invokeERKSt9_Any_dataOS2_OS5_
    @     0x7f5903525594  cinn::lang::PackedFunc::operator()<>()
    @     0x7f59035bb69c  cinn::hlir::framework::OpLowererImpl::DoOpLower()
    @     0x7f59035c1191  cinn::hlir::framework::OpLowererImpl::LowerOps()
    @     0x7f59035c17a4  cinn::hlir::framework::OpLowererImpl::LowerGroup()
    @     0x7f59035c200c  cinn::hlir::framework::OpLowererImpl::Lower()
    @     0x7f590357f374  cinn::hlir::framework::ParallelCompiler::Task::Lowering()
    @     0x7f590358176f  cinn::hlir::framework::ParallelCompiler::RunTask()
    @     0x7f597046edf4  (unknown)
    @     0x7f597414d609  start_thread
    @     0x7f5974287353  clone
    @              (nil)  (unknown)
Aborted (core dumped)
