W0613 16:45:37.997316 1536000 gpu_resources.cc:119] Please NOTE: device: 0, GPU Compute Capability: 90.0, Driver API Version: 50400.0, Runtime API Version: 50400.0
Sycl_Compiler
I0613 16:45:38.212616 1536049 compiler_sycl.cc:78] compile command: /opt/DPC++/bin/clang++ -I /workspace/Paddle/build/python/paddle/libs -fsycl -fsycl-targets=amdgcn-amd-amdhsa -Xsycl-target-backend --offload-arch=gfx906 -std=c++17 -O3 -fPIC -shared -ldl -fbracket-depth=1030 ./source/sycl_0.cc -o ./source/sycl_0.so
I0613 16:45:45.580787 1536000 sycl_module.cc:36] destructor for SYCLModule
.Sycl_Compiler
I0613 16:45:45.597390 1536100 compiler_sycl.cc:78] compile command: /opt/DPC++/bin/clang++ -I /workspace/Paddle/build/python/paddle/libs -fsycl -fsycl-targets=amdgcn-amd-amdhsa -Xsycl-target-backend --offload-arch=gfx906 -std=c++17 -O3 -fPIC -shared -ldl -fbracket-depth=1030 ./source/sycl_1.cc -o ./source/sycl_1.so
I0613 16:45:53.100580 1536000 sycl_module.cc:36] destructor for SYCLModule
.Sycl_Compiler
I0613 16:45:53.116333 1536150 compiler_sycl.cc:78] compile command: /opt/DPC++/bin/clang++ -I /workspace/Paddle/build/python/paddle/libs -fsycl -fsycl-targets=amdgcn-amd-amdhsa -Xsycl-target-backend --offload-arch=gfx906 -std=c++17 -O3 -fPIC -shared -ldl -fbracket-depth=1030 ./source/sycl_2.cc -o ./source/sycl_2.so
I0613 16:46:00.502967 1536000 sycl_module.cc:36] destructor for SYCLModule
.Sycl_Compiler
I0613 16:46:00.524827 1536200 compiler_sycl.cc:78] compile command: /opt/DPC++/bin/clang++ -I /workspace/Paddle/build/python/paddle/libs -fsycl -fsycl-targets=amdgcn-amd-amdhsa -Xsycl-target-backend --offload-arch=gfx906 -std=c++17 -O3 -fPIC -shared -ldl -fbracket-depth=1030 ./source/sycl_3.cc -o ./source/sycl_3.so
I0613 16:46:07.879876 1536000 sycl_module.cc:36] destructor for SYCLModule
.Sycl_Compiler
I0613 16:46:07.920629 1536250 compiler_sycl.cc:78] compile command: /opt/DPC++/bin/clang++ -I /workspace/Paddle/build/python/paddle/libs -fsycl -fsycl-targets=amdgcn-amd-amdhsa -Xsycl-target-backend --offload-arch=gfx906 -std=c++17 -O3 -fPIC -shared -ldl -fbracket-depth=1030 ./source/sycl_4.cc -o ./source/sycl_4.so
I0613 16:46:15.876137 1536000 sycl_module.cc:36] destructor for SYCLModule
.Sycl_Compiler
I0613 16:46:15.914705 1536300 compiler_sycl.cc:78] compile command: /opt/DPC++/bin/clang++ -I /workspace/Paddle/build/python/paddle/libs -fsycl -fsycl-targets=amdgcn-amd-amdhsa -Xsycl-target-backend --offload-arch=gfx906 -std=c++17 -O3 -fPIC -shared -ldl -fbracket-depth=1030 ./source/sycl_5.cc -o ./source/sycl_5.so
I0613 16:46:23.246326 1536000 sycl_module.cc:36] destructor for SYCLModule
.Sycl_Compiler
I0613 16:46:23.257185 1536350 compiler_sycl.cc:78] compile command: /opt/DPC++/bin/clang++ -I /workspace/Paddle/build/python/paddle/libs -fsycl -fsycl-targets=amdgcn-amd-amdhsa -Xsycl-target-backend --offload-arch=gfx906 -std=c++17 -O3 -fPIC -shared -ldl -fbracket-depth=1030 ./source/sycl_6.cc -o ./source/sycl_6.so
I0613 16:46:30.658555 1536000 sycl_module.cc:36] destructor for SYCLModule
.Sycl_Compiler
I0613 16:46:30.665663 1536400 compiler_sycl.cc:78] compile command: /opt/DPC++/bin/clang++ -I /workspace/Paddle/build/python/paddle/libs -fsycl -fsycl-targets=amdgcn-amd-amdhsa -Xsycl-target-backend --offload-arch=gfx906 -std=c++17 -O3 -fPIC -shared -ldl -fbracket-depth=1030 ./source/sycl_7.cc -o ./source/sycl_7.so
I0613 16:46:38.090598 1536000 sycl_module.cc:36] destructor for SYCLModule
.Sycl_Compiler
I0613 16:46:38.100345 1536450 compiler_sycl.cc:78] compile command: /opt/DPC++/bin/clang++ -I /workspace/Paddle/build/python/paddle/libs -fsycl -fsycl-targets=amdgcn-amd-amdhsa -Xsycl-target-backend --offload-arch=gfx906 -std=c++17 -O3 -fPIC -shared -ldl -fbracket-depth=1030 ./source/sycl_8.cc -o ./source/sycl_8.so
I0613 16:46:46.164856 1536000 sycl_module.cc:36] destructor for SYCLModule
.Sycl_Compiler
I0613 16:46:46.172462 1536500 compiler_sycl.cc:78] compile command: /opt/DPC++/bin/clang++ -I /workspace/Paddle/build/python/paddle/libs -fsycl -fsycl-targets=amdgcn-amd-amdhsa -Xsycl-target-backend --offload-arch=gfx906 -std=c++17 -O3 -fPIC -shared -ldl -fbracket-depth=1030 ./source/sycl_9.cc -o ./source/sycl_9.so
I0613 16:46:53.635134 1536000 sycl_module.cc:36] destructor for SYCLModule
.Sycl_Compiler
I0613 16:46:53.646958 1536550 compiler_sycl.cc:78] compile command: /opt/DPC++/bin/clang++ -I /workspace/Paddle/build/python/paddle/libs -fsycl -fsycl-targets=amdgcn-amd-amdhsa -Xsycl-target-backend --offload-arch=gfx906 -std=c++17 -O3 -fPIC -shared -ldl -fbracket-depth=1030 ./source/sycl_10.cc -o ./source/sycl_10.so
I0613 16:47:01.050638 1536000 sycl_module.cc:36] destructor for SYCLModule
.Sycl_Compiler
I0613 16:47:01.062947 1536600 compiler_sycl.cc:78] compile command: /opt/DPC++/bin/clang++ -I /workspace/Paddle/build/python/paddle/libs -fsycl -fsycl-targets=amdgcn-amd-amdhsa -Xsycl-target-backend --offload-arch=gfx906 -std=c++17 -O3 -fPIC -shared -ldl -fbracket-depth=1030 ./source/sycl_11.cc -o ./source/sycl_11.so
I0613 16:47:09.137890 1536000 sycl_module.cc:36] destructor for SYCLModule
.Sycl_Compiler
I0613 16:47:09.154058 1536650 compiler_sycl.cc:78] compile command: /opt/DPC++/bin/clang++ -I /workspace/Paddle/build/python/paddle/libs -fsycl -fsycl-targets=amdgcn-amd-amdhsa -Xsycl-target-backend --offload-arch=gfx906 -std=c++17 -O3 -fPIC -shared -ldl -fbracket-depth=1030 ./source/sycl_12.cc -o ./source/sycl_12.so
I0613 16:47:16.577453 1536000 sycl_module.cc:36] destructor for SYCLModule
.Sycl_Compiler
I0613 16:47:16.599295 1536701 compiler_sycl.cc:78] compile command: /opt/DPC++/bin/clang++ -I /workspace/Paddle/build/python/paddle/libs -fsycl -fsycl-targets=amdgcn-amd-amdhsa -Xsycl-target-backend --offload-arch=gfx906 -std=c++17 -O3 -fPIC -shared -ldl -fbracket-depth=1030 ./source/sycl_13.cc -o ./source/sycl_13.so
I0613 16:47:24.076681 1536000 sycl_module.cc:36] destructor for SYCLModule

----------------------------------------------------------------------
Ran 13 tests in 98.587s

OK
.Sycl_Compiler
I0613 16:47:24.082208 1536751 compiler_sycl.cc:78] compile command: /opt/DPC++/bin/clang++ -I /workspace/Paddle/build/python/paddle/libs -fsycl -fsycl-targets=amdgcn-amd-amdhsa -Xsycl-target-backend --offload-arch=gfx906 -std=c++17 -O3 -fPIC -shared -ldl -fbracket-depth=1030 ./source/sycl_14.cc -o ./source/sycl_14.so
I0613 16:47:31.533274 1536000 sycl_module.cc:36] destructor for SYCLModule
FSycl_Compiler
I0613 16:47:31.544380 1536801 compiler_sycl.cc:78] compile command: /opt/DPC++/bin/clang++ -I /workspace/Paddle/build/python/paddle/libs -fsycl -fsycl-targets=amdgcn-amd-amdhsa -Xsycl-target-backend --offload-arch=gfx906 -std=c++17 -O3 -fPIC -shared -ldl -fbracket-depth=1030 ./source/sycl_15.cc -o ./source/sycl_15.so
I0613 16:47:39.622021 1536000 sycl_module.cc:36] destructor for SYCLModule
.Sycl_Compiler
I0613 16:47:39.628844 1536851 compiler_sycl.cc:78] compile command: /opt/DPC++/bin/clang++ -I /workspace/Paddle/build/python/paddle/libs -fsycl -fsycl-targets=amdgcn-amd-amdhsa -Xsycl-target-backend --offload-arch=gfx906 -std=c++17 -O3 -fPIC -shared -ldl -fbracket-depth=1030 ./source/sycl_16.cc -o ./source/sycl_16.so
I0613 16:47:47.092672 1536000 sycl_module.cc:36] destructor for SYCLModule
.Sycl_Compiler
I0613 16:47:47.105147 1536901 compiler_sycl.cc:78] compile command: /opt/DPC++/bin/clang++ -I /workspace/Paddle/build/python/paddle/libs -fsycl -fsycl-targets=amdgcn-amd-amdhsa -Xsycl-target-backend --offload-arch=gfx906 -std=c++17 -O3 -fPIC -shared -ldl -fbracket-depth=1030 ./source/sycl_17.cc -o ./source/sycl_17.so
I0613 16:47:55.100999 1536000 sycl_module.cc:36] destructor for SYCLModule
.Sycl_Compiler
I0613 16:47:55.117666 1536951 compiler_sycl.cc:78] compile command: /opt/DPC++/bin/clang++ -I /workspace/Paddle/build/python/paddle/libs -fsycl -fsycl-targets=amdgcn-amd-amdhsa -Xsycl-target-backend --offload-arch=gfx906 -std=c++17 -O3 -fPIC -shared -ldl -fbracket-depth=1030 ./source/sycl_18.cc -o ./source/sycl_18.so
I0613 16:48:02.589041 1536000 sycl_module.cc:36] destructor for SYCLModule
FSycl_Compiler
I0613 16:48:02.604015 1537002 compiler_sycl.cc:78] compile command: /opt/DPC++/bin/clang++ -I /workspace/Paddle/build/python/paddle/libs -fsycl -fsycl-targets=amdgcn-amd-amdhsa -Xsycl-target-backend --offload-arch=gfx906 -std=c++17 -O3 -fPIC -shared -ldl -fbracket-depth=1030 ./source/sycl_19.cc -o ./source/sycl_19.so
I0613 16:48:10.034817 1536000 sycl_module.cc:36] destructor for SYCLModule
.Sycl_Compiler
I0613 16:48:10.050577 1537051 compiler_sycl.cc:78] compile command: /opt/DPC++/bin/clang++ -I /workspace/Paddle/build/python/paddle/libs -fsycl -fsycl-targets=amdgcn-amd-amdhsa -Xsycl-target-backend --offload-arch=gfx906 -std=c++17 -O3 -fPIC -shared -ldl -fbracket-depth=1030 ./source/sycl_20.cc -o ./source/sycl_20.so
I0613 16:48:17.565865 1536000 sycl_module.cc:36] destructor for SYCLModule
.Sycl_Compiler
I0613 16:48:17.577540 1537101 compiler_sycl.cc:78] compile command: /opt/DPC++/bin/clang++ -I /workspace/Paddle/build/python/paddle/libs -fsycl -fsycl-targets=amdgcn-amd-amdhsa -Xsycl-target-backend --offload-arch=gfx906 -std=c++17 -O3 -fPIC -shared -ldl -fbracket-depth=1030 ./source/sycl_21.cc -o ./source/sycl_21.so
I0613 16:48:25.062105 1536000 sycl_module.cc:36] destructor for SYCLModule
.Sycl_Compiler
I0613 16:48:25.076933 1537151 compiler_sycl.cc:78] compile command: /opt/DPC++/bin/clang++ -I /workspace/Paddle/build/python/paddle/libs -fsycl -fsycl-targets=amdgcn-amd-amdhsa -Xsycl-target-backend --offload-arch=gfx906 -std=c++17 -O3 -fPIC -shared -ldl -fbracket-depth=1030 ./source/sycl_22.cc -o ./source/sycl_22.so
I0613 16:48:32.515874 1536000 sycl_module.cc:36] destructor for SYCLModule
FSycl_Compiler
I0613 16:48:32.532037 1537201 compiler_sycl.cc:78] compile command: /opt/DPC++/bin/clang++ -I /workspace/Paddle/build/python/paddle/libs -fsycl -fsycl-targets=amdgcn-amd-amdhsa -Xsycl-target-backend --offload-arch=gfx906 -std=c++17 -O3 -fPIC -shared -ldl -fbracket-depth=1030 ./source/sycl_23.cc -o ./source/sycl_23.so
I0613 16:48:39.967018 1536000 sycl_module.cc:36] destructor for SYCLModule
.Sycl_Compiler
I0613 16:48:39.984285 1537251 compiler_sycl.cc:78] compile command: /opt/DPC++/bin/clang++ -I /workspace/Paddle/build/python/paddle/libs -fsycl -fsycl-targets=amdgcn-amd-amdhsa -Xsycl-target-backend --offload-arch=gfx906 -std=c++17 -O3 -fPIC -shared -ldl -fbracket-depth=1030 ./source/sycl_24.cc -o ./source/sycl_24.so
I0613 16:48:47.996243 1536000 sycl_module.cc:36] destructor for SYCLModule
.Sycl_Compiler
I0613 16:48:48.017735 1537301 compiler_sycl.cc:78] compile command: /opt/DPC++/bin/clang++ -I /workspace/Paddle/build/python/paddle/libs -fsycl -fsycl-targets=amdgcn-amd-amdhsa -Xsycl-target-backend --offload-arch=gfx906 -std=c++17 -O3 -fPIC -shared -ldl -fbracket-depth=1030 ./source/sycl_25.cc -o ./source/sycl_25.so
I0613 16:48:55.977357 1536000 sycl_module.cc:36] destructor for SYCLModule
.Sycl_Compiler
I0613 16:48:55.993191 1537351 compiler_sycl.cc:78] compile command: /opt/DPC++/bin/clang++ -I /workspace/Paddle/build/python/paddle/libs -fsycl -fsycl-targets=amdgcn-amd-amdhsa -Xsycl-target-backend --offload-arch=gfx906 -std=c++17 -O3 -fPIC -shared -ldl -fbracket-depth=1030 ./source/sycl_26.cc -o ./source/sycl_26.so
I0613 16:49:03.319873 1536000 sycl_module.cc:36] destructor for SYCLModule
FSycl_Compiler
I0613 16:49:03.336653 1537401 compiler_sycl.cc:78] compile command: /opt/DPC++/bin/clang++ -I /workspace/Paddle/build/python/paddle/libs -fsycl -fsycl-targets=amdgcn-amd-amdhsa -Xsycl-target-backend --offload-arch=gfx906 -std=c++17 -O3 -fPIC -shared -ldl -fbracket-depth=1030 ./source/sycl_27.cc -o ./source/sycl_27.so
